2026.01.24 15:57:44 INFO  Started: Metals version 1.6.5 in folders '/Users/Lenovo/Desktop/event-driven-job-orchestrator' for client Cursor 1.105.1.
2026.01.24 15:57:44 INFO  Memory monitor started
2026.01.24 15:57:44 WARN  Using H2 2.4.240 which is newer than the version Flyway has been verified with. The latest verified version of H2 is 2.3.232.
2026.01.24 15:57:44 INFO  no build target found for /Users/Lenovo/Desktop/event-driven-job-orchestrator/job-api/src/main/java/com/shreyas/jobapi/JobApiApplication.java. Using fallback presentation compiler.
2026.01.24 15:58:49 INFO  no build target found for /Users/Lenovo/Desktop/event-driven-job-orchestrator/job-api/src/main/java/com/shreyas/jobapi/JobApiApplication.java. Using fallback presentation compiler.
2026.01.24 15:58:50 INFO  no build target found for /Users/Lenovo/Desktop/event-driven-job-orchestrator/job-api/src/main/java/com/shreyas/jobapi/JobApiApplication.java. Using fallback presentation compiler.
2026.01.24 15:58:49 INFO  no build target found for /Users/Lenovo/Desktop/event-driven-job-orchestrator/job-api/src/main/java/com/shreyas/jobapi/JobApiApplication.java. Using fallback presentation compiler.
2026.01.24 15:58:50 INFO  no build target found for /Users/Lenovo/Desktop/event-driven-job-orchestrator/job-api/src/main/java/com/shreyas/jobapi/JobApiApplication.java. Using fallback presentation compiler.
2026.01.24 15:58:52 WARN  no build target for: /Users/Lenovo/Desktop/event-driven-job-orchestrator/job-api/src/main/java/com/shreyas/jobapi/JobApiApplication.java
2026.01.24 15:58:52 INFO  no build target found for /Users/Lenovo/Desktop/event-driven-job-orchestrator/job-api/src/main/java/com/shreyas/jobapi/JobApiApplication.java. Using fallback presentation compiler.
2026.01.24 15:59:33 WARN  no build target for: /Users/Lenovo/Desktop/event-driven-job-orchestrator/job-api/src/main/java/com/shreyas/jobapi/JobApiApplication.java
2026.01.24 15:59:33 INFO  no build target found for /Users/Lenovo/Desktop/event-driven-job-orchestrator/job-api/src/main/java/com/shreyas/jobapi/JobApiApplication.java. Using fallback presentation compiler.
2026.01.24 16:03:54 INFO  no build target found for /Users/Lenovo/Desktop/event-driven-job-orchestrator/job-api/src/main/java/com/shreyas/jobapi/JobApiApplication.java. Using fallback presentation compiler.
2026.01.24 16:03:54 INFO  no build target found for /Users/Lenovo/Desktop/event-driven-job-orchestrator/job-api/src/main/java/com/shreyas/jobapi/JobApiApplication.java. Using fallback presentation compiler.
2026.01.24 16:03:56 INFO  no build target found for /Users/Lenovo/Desktop/event-driven-job-orchestrator/job-api/src/main/java/com/shreyas/jobapi/JobApiApplication.java. Using fallback presentation compiler.
2026.01.24 16:03:58 INFO  no build target found for /Users/Lenovo/Desktop/event-driven-job-orchestrator/job-api/src/main/java/com/shreyas/jobapi/JobApiApplication.java. Using fallback presentation compiler.
2026.01.24 16:03:58 INFO  no build target found for /Users/Lenovo/Desktop/event-driven-job-orchestrator/job-api/src/main/java/com/shreyas/jobapi/JobApiApplication.java. Using fallback presentation compiler.
2026.01.24 16:03:58 INFO  no build target found for /Users/Lenovo/Desktop/event-driven-job-orchestrator/job-api/src/main/java/com/shreyas/jobapi/JobApiApplication.java. Using fallback presentation compiler.
2026.01.24 16:04:00 INFO  no build target found for /Users/Lenovo/Desktop/event-driven-job-orchestrator/job-api/src/main/java/com/shreyas/jobapi/JobApiApplication.java. Using fallback presentation compiler.
2026.01.24 16:04:02 INFO  no build target found for /Users/Lenovo/Desktop/event-driven-job-orchestrator/job-api/src/main/java/com/shreyas/jobapi/JobApiApplication.java. Using fallback presentation compiler.
2026.01.24 16:04:16 INFO  no build target found for /Users/Lenovo/Desktop/event-driven-job-orchestrator/job-api/src/main/java/com/shreyas/jobapi/JobApiApplication.java. Using fallback presentation compiler.
2026.01.24 16:12:00 INFO  no build target found for /Users/Lenovo/Desktop/event-driven-job-orchestrator/job-api/src/main/java/com/shreyas/jobapi/JobApiApplication.java. Using fallback presentation compiler.
Jan 24, 2026 4:12:06 PM org.eclipse.lsp4j.jsonrpc.services.GenericEndpoint notify
INFO: Unsupported notification method: $/setTrace
2026.01.24 16:15:03 INFO  no build target found for /Users/Lenovo/Desktop/event-driven-job-orchestrator/job-api/src/main/java/com/shreyas/jobapi/JobApiApplication.java. Using fallback presentation compiler.
2026.01.24 16:15:25 INFO  no build target found for /Users/Lenovo/Desktop/event-driven-job-orchestrator/job-api/src/main/java/com/shreyas/jobapi/JobApiApplication.java. Using fallback presentation compiler.
2026.01.24 16:16:30 INFO  no build target found for /Users/Lenovo/Desktop/event-driven-job-orchestrator/job-api/src/main/java/com/shreyas/jobapi/JobApiApplication.java. Using fallback presentation compiler.
2026.01.24 16:16:36 INFO  no build target found for /Users/Lenovo/Desktop/event-driven-job-orchestrator/job-api/src/main/java/com/shreyas/jobapi/JobApiApplication.java. Using fallback presentation compiler.
2026.01.24 17:25:52 INFO  no build target found for /Users/Lenovo/Desktop/event-driven-job-orchestrator/job-api/src/main/java/com/shreyas/jobapi/JobApiApplication.java. Using fallback presentation compiler.
2026.01.24 17:26:06 INFO  no build target found for /Users/Lenovo/Desktop/event-driven-job-orchestrator/job-api/src/main/java/com/shreyas/jobapi/JobApiApplication.java. Using fallback presentation compiler.
2026.01.24 17:37:23 WARN  no build target for: /Users/Lenovo/Desktop/event-driven-job-orchestrator/job-api/db/JobEntity.java
2026.01.24 17:37:23 INFO  no build target found for /Users/Lenovo/Desktop/event-driven-job-orchestrator/job-api/db/JobEntity.java. Using fallback presentation compiler.
2026.01.24 17:37:23 WARN  Running javac-semanticdb failed for file:///Users/Lenovo/Desktop/event-driven-job-orchestrator/job-api/db/JobEntity.java. Output:

2026.01.24 17:37:23 INFO  no build target found for /Users/Lenovo/Desktop/event-driven-job-orchestrator/job-api/db/JobEntity.java. Using fallback presentation compiler.
2026.01.24 17:37:29 INFO  no build target found for /Users/Lenovo/Desktop/event-driven-job-orchestrator/job-api/db/JobEntity.java. Using fallback presentation compiler.
2026.01.24 17:37:30 INFO  no build target found for /Users/Lenovo/Desktop/event-driven-job-orchestrator/job-api/db/JobEntity.java. Using fallback presentation compiler.
2026.01.24 17:37:40 WARN  Running javac-semanticdb failed for file:///Users/Lenovo/Desktop/event-driven-job-orchestrator/job-api/db/JobEntity.java. Output:

2026.01.24 17:38:08 WARN  no build target for: /Users/Lenovo/Desktop/event-driven-job-orchestrator/job-api/db/JobEntity.java
2026.01.24 17:38:08 INFO  no build target found for /Users/Lenovo/Desktop/event-driven-job-orchestrator/job-api/db/JobEntity.java. Using fallback presentation compiler.
2026.01.24 17:39:35 WARN  no build target for: /Users/Lenovo/Desktop/event-driven-job-orchestrator/job-api/db/JobRepo.java
2026.01.24 17:39:35 WARN  Running javac-semanticdb failed for file:///Users/Lenovo/Desktop/event-driven-job-orchestrator/job-api/db/JobRepo.java. Output:

2026.01.24 17:39:35 INFO  no build target found for /Users/Lenovo/Desktop/event-driven-job-orchestrator/job-api/db/JobRepo.java. Using fallback presentation compiler.
2026.01.24 17:39:35 INFO  no build target found for /Users/Lenovo/Desktop/event-driven-job-orchestrator/job-api/db/JobRepo.java. Using fallback presentation compiler.
2026.01.24 17:39:40 INFO  no build target found for /Users/Lenovo/Desktop/event-driven-job-orchestrator/job-api/db/JobRepo.java. Using fallback presentation compiler.
2026.01.24 17:39:40 INFO  no build target found for /Users/Lenovo/Desktop/event-driven-job-orchestrator/job-api/db/JobRepo.java. Using fallback presentation compiler.
2026.01.24 17:39:44 INFO  no build target found for /Users/Lenovo/Desktop/event-driven-job-orchestrator/job-api/db/JobRepo.java. Using fallback presentation compiler.
2026.01.24 17:39:48 WARN  no build target for: /Users/Lenovo/Desktop/event-driven-job-orchestrator/job-api/db/JobRepo.java
2026.01.24 17:39:48 INFO  no build target found for /Users/Lenovo/Desktop/event-driven-job-orchestrator/job-api/db/JobRepo.java. Using fallback presentation compiler.
2026.01.24 17:42:32 INFO  no build target found for /Users/Lenovo/Desktop/event-driven-job-orchestrator/job-api/db/JobEntity.java. Using fallback presentation compiler.
2026.01.24 17:42:33 INFO  no build target found for /Users/Lenovo/Desktop/event-driven-job-orchestrator/job-api/db/JobRepo.java. Using fallback presentation compiler.
2026.01.24 17:43:46 WARN  no build target for: /Users/Lenovo/Desktop/event-driven-job-orchestrator/job-api/src/main/java/com/shreyas/jobapi/JobApiApplication.java
2026.01.24 17:43:46 INFO  no build target found for /Users/Lenovo/Desktop/event-driven-job-orchestrator/job-api/src/main/java/com/shreyas/jobapi/JobApiApplication.java. Using fallback presentation compiler.
2026.01.24 17:44:04 INFO  no build target found for /Users/Lenovo/Desktop/event-driven-job-orchestrator/job-api/src/main/java/com/shreyas/jobapi/JobApiApplication.java. Using fallback presentation compiler.
2026.01.24 17:44:05 INFO  no build target found for /Users/Lenovo/Desktop/event-driven-job-orchestrator/job-api/src/main/java/com/shreyas/jobapi/JobApiApplication.java. Using fallback presentation compiler.
2026.01.24 17:44:04 INFO  no build target found for /Users/Lenovo/Desktop/event-driven-job-orchestrator/job-api/src/main/java/com/shreyas/jobapi/JobApiApplication.java. Using fallback presentation compiler.
2026.01.24 17:44:05 INFO  no build target found for /Users/Lenovo/Desktop/event-driven-job-orchestrator/job-api/src/main/java/com/shreyas/jobapi/JobApiApplication.java. Using fallback presentation compiler.
2026.01.24 17:44:16 WARN  no build target for: /Users/Lenovo/Desktop/event-driven-job-orchestrator/job-api/src/main/java/com/shreyas/jobapi/JobApiApplication.java
2026.01.24 17:44:16 INFO  no build target found for /Users/Lenovo/Desktop/event-driven-job-orchestrator/job-api/src/main/java/com/shreyas/jobapi/JobApiApplication.java. Using fallback presentation compiler.
2026.01.24 17:51:35 WARN  no build target for: /Users/Lenovo/Desktop/event-driven-job-orchestrator/job-api/src/main/java/com/shreyas/jobapi/db/JobRepo.java
2026.01.24 17:51:35 INFO  no build target found for /Users/Lenovo/Desktop/event-driven-job-orchestrator/job-api/src/main/java/com/shreyas/jobapi/db/JobRepo.java. Using fallback presentation compiler.
2026.01.24 17:51:35 INFO  no build target found for /Users/Lenovo/Desktop/event-driven-job-orchestrator/job-api/src/main/java/com/shreyas/jobapi/db/JobRepo.java. Using fallback presentation compiler.
2026.01.24 17:51:36 INFO  no build target found for /Users/Lenovo/Desktop/event-driven-job-orchestrator/job-api/src/main/java/com/shreyas/jobapi/db/JobRepo.java. Using fallback presentation compiler.
2026.01.24 17:51:36 WARN  no build target for: /Users/Lenovo/Desktop/event-driven-job-orchestrator/job-api/src/main/java/com/shreyas/jobapi/db/JobEntity.java
2026.01.24 17:51:36 INFO  no build target found for /Users/Lenovo/Desktop/event-driven-job-orchestrator/job-api/src/main/java/com/shreyas/jobapi/db/JobEntity.java. Using fallback presentation compiler.
2026.01.24 17:51:36 INFO  no build target found for /Users/Lenovo/Desktop/event-driven-job-orchestrator/job-api/src/main/java/com/shreyas/jobapi/db/JobEntity.java. Using fallback presentation compiler.
2026.01.24 17:51:51 INFO  no build target found for /Users/Lenovo/Desktop/event-driven-job-orchestrator/job-api/src/main/java/com/shreyas/jobapi/db/JobEntity.java. Using fallback presentation compiler.
2026.01.24 17:51:51 WARN  no build target for: /Users/Lenovo/Desktop/event-driven-job-orchestrator/job-api/src/main/java/com/shreyas/jobapi/db/JobRepo.java
2026.01.24 17:51:51 INFO  no build target found for /Users/Lenovo/Desktop/event-driven-job-orchestrator/job-api/src/main/java/com/shreyas/jobapi/db/JobRepo.java. Using fallback presentation compiler.
2026.01.24 17:51:51 INFO  no build target found for /Users/Lenovo/Desktop/event-driven-job-orchestrator/job-api/src/main/java/com/shreyas/jobapi/db/JobRepo.java. Using fallback presentation compiler.
2026.01.24 17:51:52 WARN  no build target for: /Users/Lenovo/Desktop/event-driven-job-orchestrator/job-api/src/main/java/com/shreyas/jobapi/JobApiApplication.java
2026.01.24 17:51:52 INFO  no build target found for /Users/Lenovo/Desktop/event-driven-job-orchestrator/job-api/src/main/java/com/shreyas/jobapi/JobApiApplication.java. Using fallback presentation compiler.
2026.01.24 17:56:58 INFO  no build target found for /Users/Lenovo/Desktop/event-driven-job-orchestrator/job-api/src/main/java/com/shreyas/jobapi/JobApiApplication.java. Using fallback presentation compiler.
2026.01.24 17:57:15 INFO  no build target found for /Users/Lenovo/Desktop/event-driven-job-orchestrator/job-api/src/main/java/com/shreyas/jobapi/JobApiApplication.java. Using fallback presentation compiler.
2026.01.24 17:57:24 WARN  no build target for: /Users/Lenovo/Desktop/event-driven-job-orchestrator/job-api/src/main/java/com/shreyas/jobapi/controller/HealthController.java
2026.01.24 17:57:24 WARN  Running javac-semanticdb failed for file:///Users/Lenovo/Desktop/event-driven-job-orchestrator/job-api/src/main/java/com/shreyas/jobapi/controller/HealthController.java. Output:

2026.01.24 17:57:24 INFO  no build target found for /Users/Lenovo/Desktop/event-driven-job-orchestrator/job-api/src/main/java/com/shreyas/jobapi/controller/HealthController.java. Using fallback presentation compiler.
2026.01.24 17:57:25 INFO  no build target found for /Users/Lenovo/Desktop/event-driven-job-orchestrator/job-api/src/main/java/com/shreyas/jobapi/controller/HealthController.java. Using fallback presentation compiler.
2026.01.24 17:57:33 INFO  no build target found for /Users/Lenovo/Desktop/event-driven-job-orchestrator/job-api/src/main/java/com/shreyas/jobapi/controller/HealthController.java. Using fallback presentation compiler.
2026.01.24 17:57:33 INFO  no build target found for /Users/Lenovo/Desktop/event-driven-job-orchestrator/job-api/src/main/java/com/shreyas/jobapi/controller/HealthController.java. Using fallback presentation compiler.
2026.01.24 17:57:35 WARN  no build target for: /Users/Lenovo/Desktop/event-driven-job-orchestrator/job-api/src/main/java/com/shreyas/jobapi/controller/HealthController.java
2026.01.24 17:57:35 INFO  no build target found for /Users/Lenovo/Desktop/event-driven-job-orchestrator/job-api/src/main/java/com/shreyas/jobapi/controller/HealthController.java. Using fallback presentation compiler.
2026.01.24 17:57:47 WARN  no build target for: /Users/Lenovo/Desktop/event-driven-job-orchestrator/job-api/src/main/java/com/shreyas/jobapi/JobApiApplication.java
2026.01.24 17:57:47 INFO  no build target found for /Users/Lenovo/Desktop/event-driven-job-orchestrator/job-api/src/main/java/com/shreyas/jobapi/JobApiApplication.java. Using fallback presentation compiler.
2026.01.24 17:57:48 INFO  no build target found for /Users/Lenovo/Desktop/event-driven-job-orchestrator/job-api/src/main/java/com/shreyas/jobapi/JobApiApplication.java. Using fallback presentation compiler.
2026.01.24 17:57:50 INFO  no build target found for /Users/Lenovo/Desktop/event-driven-job-orchestrator/job-api/src/main/java/com/shreyas/jobapi/JobApiApplication.java. Using fallback presentation compiler.
2026.01.24 17:57:51 INFO  no build target found for /Users/Lenovo/Desktop/event-driven-job-orchestrator/job-api/src/main/java/com/shreyas/jobapi/JobApiApplication.java. Using fallback presentation compiler.
2026.01.24 17:57:51 INFO  no build target found for /Users/Lenovo/Desktop/event-driven-job-orchestrator/job-api/src/main/java/com/shreyas/jobapi/JobApiApplication.java. Using fallback presentation compiler.
2026.01.24 17:57:57 INFO  no build target found for /Users/Lenovo/Desktop/event-driven-job-orchestrator/job-api/src/main/java/com/shreyas/jobapi/JobApiApplication.java. Using fallback presentation compiler.
2026.01.24 17:57:57 INFO  no build target found for /Users/Lenovo/Desktop/event-driven-job-orchestrator/job-api/src/main/java/com/shreyas/jobapi/JobApiApplication.java. Using fallback presentation compiler.
2026.01.24 17:58:51 WARN  no build target for: /Users/Lenovo/Desktop/event-driven-job-orchestrator/job-api/src/main/java/com/shreyas/jobapi/JobApiApplication.java
2026.01.24 17:58:51 INFO  no build target found for /Users/Lenovo/Desktop/event-driven-job-orchestrator/job-api/src/main/java/com/shreyas/jobapi/JobApiApplication.java. Using fallback presentation compiler.
2026.01.24 18:01:00 WARN  no build target for: /Users/Lenovo/Desktop/event-driven-job-orchestrator/job-api/src/main/java/com/shreyas/jobapi/controller/JobController.java
2026.01.24 18:01:00 INFO  no build target found for /Users/Lenovo/Desktop/event-driven-job-orchestrator/job-api/src/main/java/com/shreyas/jobapi/controller/JobController.java. Using fallback presentation compiler.
2026.01.24 18:01:00 WARN  Running javac-semanticdb failed for file:///Users/Lenovo/Desktop/event-driven-job-orchestrator/job-api/src/main/java/com/shreyas/jobapi/controller/JobController.java. Output:

2026.01.24 18:01:00 INFO  no build target found for /Users/Lenovo/Desktop/event-driven-job-orchestrator/job-api/src/main/java/com/shreyas/jobapi/controller/JobController.java. Using fallback presentation compiler.
2026.01.24 18:01:05 INFO  no build target found for /Users/Lenovo/Desktop/event-driven-job-orchestrator/job-api/src/main/java/com/shreyas/jobapi/controller/JobController.java. Using fallback presentation compiler.
2026.01.24 18:01:05 INFO  no build target found for /Users/Lenovo/Desktop/event-driven-job-orchestrator/job-api/src/main/java/com/shreyas/jobapi/controller/JobController.java. Using fallback presentation compiler.
2026.01.24 18:01:06 WARN  no build target for: /Users/Lenovo/Desktop/event-driven-job-orchestrator/job-api/src/main/java/com/shreyas/jobapi/controller/JobController.java
2026.01.24 18:01:06 INFO  no build target found for /Users/Lenovo/Desktop/event-driven-job-orchestrator/job-api/src/main/java/com/shreyas/jobapi/controller/JobController.java. Using fallback presentation compiler.
2026.01.24 18:01:18 WARN  no build target for: /Users/Lenovo/Desktop/event-driven-job-orchestrator/job-api/src/main/java/com/shreyas/jobapi/JobApiApplication.java
2026.01.24 18:01:18 INFO  no build target found for /Users/Lenovo/Desktop/event-driven-job-orchestrator/job-api/src/main/java/com/shreyas/jobapi/JobApiApplication.java. Using fallback presentation compiler.
2026.01.24 18:01:20 INFO  no build target found for /Users/Lenovo/Desktop/event-driven-job-orchestrator/job-api/src/main/java/com/shreyas/jobapi/JobApiApplication.java. Using fallback presentation compiler.
2026.01.24 18:01:20 INFO  no build target found for /Users/Lenovo/Desktop/event-driven-job-orchestrator/job-api/src/main/java/com/shreyas/jobapi/JobApiApplication.java. Using fallback presentation compiler.
2026.01.24 18:01:20 INFO  no build target found for /Users/Lenovo/Desktop/event-driven-job-orchestrator/job-api/src/main/java/com/shreyas/jobapi/JobApiApplication.java. Using fallback presentation compiler.
2026.01.24 18:01:21 INFO  no build target found for /Users/Lenovo/Desktop/event-driven-job-orchestrator/job-api/src/main/java/com/shreyas/jobapi/JobApiApplication.java. Using fallback presentation compiler.
2026.01.24 18:01:23 WARN  no build target for: /Users/Lenovo/Desktop/event-driven-job-orchestrator/job-api/src/main/java/com/shreyas/jobapi/JobApiApplication.java
2026.01.24 18:01:23 INFO  no build target found for /Users/Lenovo/Desktop/event-driven-job-orchestrator/job-api/src/main/java/com/shreyas/jobapi/JobApiApplication.java. Using fallback presentation compiler.
2026.01.24 18:10:21 WARN  no build target for: /Users/Lenovo/Desktop/event-driven-job-orchestrator/job-api/src/main/java/com/shreyas/jobapi/dto/JobDto.java
2026.01.24 18:10:21 WARN  Running javac-semanticdb failed for file:///Users/Lenovo/Desktop/event-driven-job-orchestrator/job-api/src/main/java/com/shreyas/jobapi/dto/JobDto.java. Output:

2026.01.24 18:10:21 INFO  no build target found for /Users/Lenovo/Desktop/event-driven-job-orchestrator/job-api/src/main/java/com/shreyas/jobapi/dto/JobDto.java. Using fallback presentation compiler.
2026.01.24 18:10:21 INFO  no build target found for /Users/Lenovo/Desktop/event-driven-job-orchestrator/job-api/src/main/java/com/shreyas/jobapi/dto/JobDto.java. Using fallback presentation compiler.
2026.01.24 18:10:31 INFO  no build target found for /Users/Lenovo/Desktop/event-driven-job-orchestrator/job-api/src/main/java/com/shreyas/jobapi/dto/JobDto.java. Using fallback presentation compiler.
2026.01.24 18:10:31 WARN  Running javac-semanticdb failed for file:///Users/Lenovo/Desktop/event-driven-job-orchestrator/job-api/src/main/java/com/shreyas/jobapi/dto/JobDto.java. Output:

2026.01.24 18:10:32 INFO  no build target found for /Users/Lenovo/Desktop/event-driven-job-orchestrator/job-api/src/main/java/com/shreyas/jobapi/dto/JobDto.java. Using fallback presentation compiler.
2026.01.24 18:10:32 WARN  no build target for: /Users/Lenovo/Desktop/event-driven-job-orchestrator/job-api/src/main/java/com/shreyas/jobapi/dto/JobDto.java
2026.01.24 18:10:32 INFO  no build target found for /Users/Lenovo/Desktop/event-driven-job-orchestrator/job-api/src/main/java/com/shreyas/jobapi/dto/JobDto.java. Using fallback presentation compiler.
2026.01.24 18:11:54 WARN  no build target for: /Users/Lenovo/Desktop/event-driven-job-orchestrator/job-api/src/main/java/com/shreyas/jobapi/controller/JobController.java
2026.01.24 18:11:54 INFO  no build target found for /Users/Lenovo/Desktop/event-driven-job-orchestrator/job-api/src/main/java/com/shreyas/jobapi/controller/JobController.java. Using fallback presentation compiler.
2026.01.24 18:11:58 INFO  no build target found for /Users/Lenovo/Desktop/event-driven-job-orchestrator/job-api/src/main/java/com/shreyas/jobapi/controller/JobController.java. Using fallback presentation compiler.
2026.01.24 18:11:58 INFO  no build target found for /Users/Lenovo/Desktop/event-driven-job-orchestrator/job-api/src/main/java/com/shreyas/jobapi/controller/JobController.java. Using fallback presentation compiler.
2026.01.24 18:11:58 INFO  no build target found for /Users/Lenovo/Desktop/event-driven-job-orchestrator/job-api/src/main/java/com/shreyas/jobapi/controller/JobController.java. Using fallback presentation compiler.
2026.01.24 18:11:59 INFO  no build target found for /Users/Lenovo/Desktop/event-driven-job-orchestrator/job-api/src/main/java/com/shreyas/jobapi/controller/JobController.java. Using fallback presentation compiler.
2026.01.24 18:12:02 WARN  no build target for: /Users/Lenovo/Desktop/event-driven-job-orchestrator/job-api/src/main/java/com/shreyas/jobapi/controller/JobController.java
2026.01.24 18:12:02 INFO  no build target found for /Users/Lenovo/Desktop/event-driven-job-orchestrator/job-api/src/main/java/com/shreyas/jobapi/controller/JobController.java. Using fallback presentation compiler.
2026.01.24 18:15:28 WARN  no build target for: /Users/Lenovo/Desktop/event-driven-job-orchestrator/job-api/src/main/java/com/shreyas/jobapi/dto/CreateJobRequest.java
2026.01.24 18:15:28 WARN  Running javac-semanticdb failed for file:///Users/Lenovo/Desktop/event-driven-job-orchestrator/job-api/src/main/java/com/shreyas/jobapi/dto/CreateJobRequest.java. Output:

2026.01.24 18:15:28 INFO  no build target found for /Users/Lenovo/Desktop/event-driven-job-orchestrator/job-api/src/main/java/com/shreyas/jobapi/dto/CreateJobRequest.java. Using fallback presentation compiler.
2026.01.24 18:15:28 INFO  no build target found for /Users/Lenovo/Desktop/event-driven-job-orchestrator/job-api/src/main/java/com/shreyas/jobapi/dto/CreateJobRequest.java. Using fallback presentation compiler.
2026.01.24 18:15:36 INFO  no build target found for /Users/Lenovo/Desktop/event-driven-job-orchestrator/job-api/src/main/java/com/shreyas/jobapi/dto/CreateJobRequest.java. Using fallback presentation compiler.
2026.01.24 18:15:36 INFO  no build target found for /Users/Lenovo/Desktop/event-driven-job-orchestrator/job-api/src/main/java/com/shreyas/jobapi/dto/CreateJobRequest.java. Using fallback presentation compiler.
2026.01.24 18:15:38 WARN  no build target for: /Users/Lenovo/Desktop/event-driven-job-orchestrator/job-api/src/main/java/com/shreyas/jobapi/dto/CreateJobRequest.java
2026.01.24 18:15:38 INFO  no build target found for /Users/Lenovo/Desktop/event-driven-job-orchestrator/job-api/src/main/java/com/shreyas/jobapi/dto/CreateJobRequest.java. Using fallback presentation compiler.
2026.01.24 18:17:03 WARN  no build target for: /Users/Lenovo/Desktop/event-driven-job-orchestrator/job-api/src/main/java/com/shreyas/jobapi/controller/JobController.java
2026.01.24 18:17:03 INFO  no build target found for /Users/Lenovo/Desktop/event-driven-job-orchestrator/job-api/src/main/java/com/shreyas/jobapi/controller/JobController.java. Using fallback presentation compiler.
2026.01.24 18:17:05 INFO  no build target found for /Users/Lenovo/Desktop/event-driven-job-orchestrator/job-api/src/main/java/com/shreyas/jobapi/controller/JobController.java. Using fallback presentation compiler.
2026.01.24 18:17:06 INFO  no build target found for /Users/Lenovo/Desktop/event-driven-job-orchestrator/job-api/src/main/java/com/shreyas/jobapi/controller/JobController.java. Using fallback presentation compiler.
2026.01.24 18:17:05 INFO  no build target found for /Users/Lenovo/Desktop/event-driven-job-orchestrator/job-api/src/main/java/com/shreyas/jobapi/controller/JobController.java. Using fallback presentation compiler.
2026.01.24 18:17:06 INFO  no build target found for /Users/Lenovo/Desktop/event-driven-job-orchestrator/job-api/src/main/java/com/shreyas/jobapi/controller/JobController.java. Using fallback presentation compiler.
2026.01.24 18:17:09 INFO  no build target found for /Users/Lenovo/Desktop/event-driven-job-orchestrator/job-api/src/main/java/com/shreyas/jobapi/controller/JobController.java. Using fallback presentation compiler.
2026.01.24 18:17:09 INFO  no build target found for /Users/Lenovo/Desktop/event-driven-job-orchestrator/job-api/src/main/java/com/shreyas/jobapi/controller/JobController.java. Using fallback presentation compiler.
2026.01.24 18:17:09 INFO  no build target found for /Users/Lenovo/Desktop/event-driven-job-orchestrator/job-api/src/main/java/com/shreyas/jobapi/controller/JobController.java. Using fallback presentation compiler.
2026.01.24 18:17:09 INFO  no build target found for /Users/Lenovo/Desktop/event-driven-job-orchestrator/job-api/src/main/java/com/shreyas/jobapi/controller/JobController.java. Using fallback presentation compiler.
2026.01.24 18:17:19 INFO  no build target found for /Users/Lenovo/Desktop/event-driven-job-orchestrator/job-api/src/main/java/com/shreyas/jobapi/controller/JobController.java. Using fallback presentation compiler.
2026.01.24 18:17:21 INFO  no build target found for /Users/Lenovo/Desktop/event-driven-job-orchestrator/job-api/src/main/java/com/shreyas/jobapi/controller/JobController.java. Using fallback presentation compiler.
2026.01.24 18:17:22 INFO  no build target found for /Users/Lenovo/Desktop/event-driven-job-orchestrator/job-api/src/main/java/com/shreyas/jobapi/controller/JobController.java. Using fallback presentation compiler.
2026.01.24 18:17:21 INFO  no build target found for /Users/Lenovo/Desktop/event-driven-job-orchestrator/job-api/src/main/java/com/shreyas/jobapi/controller/JobController.java. Using fallback presentation compiler.
2026.01.24 18:17:22 INFO  no build target found for /Users/Lenovo/Desktop/event-driven-job-orchestrator/job-api/src/main/java/com/shreyas/jobapi/controller/JobController.java. Using fallback presentation compiler.
2026.01.24 18:17:23 INFO  no build target found for /Users/Lenovo/Desktop/event-driven-job-orchestrator/job-api/src/main/java/com/shreyas/jobapi/controller/JobController.java. Using fallback presentation compiler.
2026.01.24 18:17:23 INFO  no build target found for /Users/Lenovo/Desktop/event-driven-job-orchestrator/job-api/src/main/java/com/shreyas/jobapi/controller/JobController.java. Using fallback presentation compiler.
2026.01.24 18:17:26 INFO  no build target found for /Users/Lenovo/Desktop/event-driven-job-orchestrator/job-api/src/main/java/com/shreyas/jobapi/controller/JobController.java. Using fallback presentation compiler.
2026.01.24 18:17:26 INFO  no build target found for /Users/Lenovo/Desktop/event-driven-job-orchestrator/job-api/src/main/java/com/shreyas/jobapi/controller/JobController.java. Using fallback presentation compiler.
2026.01.24 18:17:28 INFO  no build target found for /Users/Lenovo/Desktop/event-driven-job-orchestrator/job-api/src/main/java/com/shreyas/jobapi/controller/JobController.java. Using fallback presentation compiler.
2026.01.24 18:17:29 INFO  no build target found for /Users/Lenovo/Desktop/event-driven-job-orchestrator/job-api/src/main/java/com/shreyas/jobapi/controller/JobController.java. Using fallback presentation compiler.
2026.01.24 18:17:30 INFO  no build target found for /Users/Lenovo/Desktop/event-driven-job-orchestrator/job-api/src/main/java/com/shreyas/jobapi/controller/JobController.java. Using fallback presentation compiler.
Jan 24, 2026 6:17:30 PM org.eclipse.lsp4j.jsonrpc.RemoteEndpoint handleCancellation
WARNING: Unmatched cancel notification for request id 406
2026.01.24 18:17:30 INFO  no build target found for /Users/Lenovo/Desktop/event-driven-job-orchestrator/job-api/src/main/java/com/shreyas/jobapi/controller/JobController.java. Using fallback presentation compiler.
2026.01.24 18:17:30 INFO  no build target found for /Users/Lenovo/Desktop/event-driven-job-orchestrator/job-api/src/main/java/com/shreyas/jobapi/controller/JobController.java. Using fallback presentation compiler.
2026.01.24 18:17:31 INFO  no build target found for /Users/Lenovo/Desktop/event-driven-job-orchestrator/job-api/src/main/java/com/shreyas/jobapi/controller/JobController.java. Using fallback presentation compiler.
2026.01.24 18:17:31 INFO  no build target found for /Users/Lenovo/Desktop/event-driven-job-orchestrator/job-api/src/main/java/com/shreyas/jobapi/controller/JobController.java. Using fallback presentation compiler.
2026.01.24 18:17:32 INFO  no build target found for /Users/Lenovo/Desktop/event-driven-job-orchestrator/job-api/src/main/java/com/shreyas/jobapi/controller/JobController.java. Using fallback presentation compiler.
2026.01.24 18:17:32 INFO  no build target found for /Users/Lenovo/Desktop/event-driven-job-orchestrator/job-api/src/main/java/com/shreyas/jobapi/controller/JobController.java. Using fallback presentation compiler.
2026.01.24 18:17:33 INFO  no build target found for /Users/Lenovo/Desktop/event-driven-job-orchestrator/job-api/src/main/java/com/shreyas/jobapi/controller/JobController.java. Using fallback presentation compiler.
2026.01.24 18:17:33 INFO  no build target found for /Users/Lenovo/Desktop/event-driven-job-orchestrator/job-api/src/main/java/com/shreyas/jobapi/controller/JobController.java. Using fallback presentation compiler.
2026.01.24 18:17:34 INFO  no build target found for /Users/Lenovo/Desktop/event-driven-job-orchestrator/job-api/src/main/java/com/shreyas/jobapi/controller/JobController.java. Using fallback presentation compiler.
2026.01.24 18:17:33 INFO  no build target found for /Users/Lenovo/Desktop/event-driven-job-orchestrator/job-api/src/main/java/com/shreyas/jobapi/controller/JobController.java. Using fallback presentation compiler.
2026.01.24 18:17:42 INFO  no build target found for /Users/Lenovo/Desktop/event-driven-job-orchestrator/job-api/src/main/java/com/shreyas/jobapi/controller/JobController.java. Using fallback presentation compiler.
2026.01.24 18:17:42 INFO  no build target found for /Users/Lenovo/Desktop/event-driven-job-orchestrator/job-api/src/main/java/com/shreyas/jobapi/controller/JobController.java. Using fallback presentation compiler.
2026.01.24 18:17:44 INFO  no build target found for /Users/Lenovo/Desktop/event-driven-job-orchestrator/job-api/src/main/java/com/shreyas/jobapi/controller/JobController.java. Using fallback presentation compiler.
2026.01.24 18:17:44 INFO  no build target found for /Users/Lenovo/Desktop/event-driven-job-orchestrator/job-api/src/main/java/com/shreyas/jobapi/controller/JobController.java. Using fallback presentation compiler.
2026.01.24 18:17:45 WARN  no build target for: /Users/Lenovo/Desktop/event-driven-job-orchestrator/job-api/src/main/java/com/shreyas/jobapi/controller/JobController.java
2026.01.24 18:17:45 INFO  no build target found for /Users/Lenovo/Desktop/event-driven-job-orchestrator/job-api/src/main/java/com/shreyas/jobapi/controller/JobController.java. Using fallback presentation compiler.
2026.01.24 18:17:58 INFO  no build target found for /Users/Lenovo/Desktop/event-driven-job-orchestrator/job-api/src/main/java/com/shreyas/jobapi/controller/JobController.java. Using fallback presentation compiler.
2026.01.24 18:17:59 INFO  no build target found for /Users/Lenovo/Desktop/event-driven-job-orchestrator/job-api/src/main/java/com/shreyas/jobapi/controller/JobController.java. Using fallback presentation compiler.
2026.01.24 18:17:58 INFO  no build target found for /Users/Lenovo/Desktop/event-driven-job-orchestrator/job-api/src/main/java/com/shreyas/jobapi/controller/JobController.java. Using fallback presentation compiler.
2026.01.24 18:17:59 INFO  no build target found for /Users/Lenovo/Desktop/event-driven-job-orchestrator/job-api/src/main/java/com/shreyas/jobapi/controller/JobController.java. Using fallback presentation compiler.
2026.01.24 18:18:00 WARN  no build target for: /Users/Lenovo/Desktop/event-driven-job-orchestrator/job-api/src/main/java/com/shreyas/jobapi/controller/JobController.java
2026.01.24 18:18:00 INFO  no build target found for /Users/Lenovo/Desktop/event-driven-job-orchestrator/job-api/src/main/java/com/shreyas/jobapi/controller/JobController.java. Using fallback presentation compiler.
2026.01.24 18:21:28 WARN  no build target for: /Users/Lenovo/Desktop/event-driven-job-orchestrator/job-api/src/main/java/com/shreyas/jobapi/controller/JobController.java
2026.01.24 18:21:28 INFO  no build target found for /Users/Lenovo/Desktop/event-driven-job-orchestrator/job-api/src/main/java/com/shreyas/jobapi/controller/JobController.java. Using fallback presentation compiler.
2026.01.24 18:21:30 INFO  no build target found for /Users/Lenovo/Desktop/event-driven-job-orchestrator/job-api/src/main/java/com/shreyas/jobapi/controller/JobController.java. Using fallback presentation compiler.
2026.01.24 18:21:31 INFO  no build target found for /Users/Lenovo/Desktop/event-driven-job-orchestrator/job-api/src/main/java/com/shreyas/jobapi/controller/JobController.java. Using fallback presentation compiler.
2026.01.24 18:21:30 INFO  no build target found for /Users/Lenovo/Desktop/event-driven-job-orchestrator/job-api/src/main/java/com/shreyas/jobapi/controller/JobController.java. Using fallback presentation compiler.
2026.01.24 18:21:31 INFO  no build target found for /Users/Lenovo/Desktop/event-driven-job-orchestrator/job-api/src/main/java/com/shreyas/jobapi/controller/JobController.java. Using fallback presentation compiler.
2026.01.24 18:21:32 WARN  no build target for: /Users/Lenovo/Desktop/event-driven-job-orchestrator/job-api/src/main/java/com/shreyas/jobapi/controller/JobController.java
2026.01.24 18:21:32 INFO  no build target found for /Users/Lenovo/Desktop/event-driven-job-orchestrator/job-api/src/main/java/com/shreyas/jobapi/controller/JobController.java. Using fallback presentation compiler.
2026.01.24 18:21:52 WARN  no build target for: /Users/Lenovo/Desktop/event-driven-job-orchestrator/job-api/src/main/java/com/shreyas/jobapi/dto/CreateJobRequest.java
2026.01.24 18:21:52 INFO  no build target found for /Users/Lenovo/Desktop/event-driven-job-orchestrator/job-api/src/main/java/com/shreyas/jobapi/dto/CreateJobRequest.java. Using fallback presentation compiler.
2026.01.24 18:22:55 WARN  no build target for: /Users/Lenovo/Desktop/event-driven-job-orchestrator/job-api/src/main/java/com/shreyas/jobapi/dto/JobDto.java
2026.01.24 18:22:55 INFO  no build target found for /Users/Lenovo/Desktop/event-driven-job-orchestrator/job-api/src/main/java/com/shreyas/jobapi/dto/JobDto.java. Using fallback presentation compiler.
2026.01.24 18:22:56 WARN  no build target for: /Users/Lenovo/Desktop/event-driven-job-orchestrator/job-api/src/main/java/com/shreyas/jobapi/JobApiApplication.java
2026.01.24 18:22:56 INFO  no build target found for /Users/Lenovo/Desktop/event-driven-job-orchestrator/job-api/src/main/java/com/shreyas/jobapi/JobApiApplication.java. Using fallback presentation compiler.
2026.01.24 18:22:58 WARN  no build target for: /Users/Lenovo/Desktop/event-driven-job-orchestrator/job-api/src/main/java/com/shreyas/jobapi/dto/JobDto.java
2026.01.24 18:22:58 INFO  no build target found for /Users/Lenovo/Desktop/event-driven-job-orchestrator/job-api/src/main/java/com/shreyas/jobapi/dto/JobDto.java. Using fallback presentation compiler.
2026.01.24 18:23:01 WARN  no build target for: /Users/Lenovo/Desktop/event-driven-job-orchestrator/job-api/src/main/java/com/shreyas/jobapi/JobApiApplication.java
2026.01.24 18:23:01 INFO  no build target found for /Users/Lenovo/Desktop/event-driven-job-orchestrator/job-api/src/main/java/com/shreyas/jobapi/JobApiApplication.java. Using fallback presentation compiler.
2026.01.24 18:23:02 INFO  no build target found for /Users/Lenovo/Desktop/event-driven-job-orchestrator/job-api/src/main/java/com/shreyas/jobapi/JobApiApplication.java. Using fallback presentation compiler.
2026.01.24 18:23:04 WARN  no build target for: /Users/Lenovo/Desktop/event-driven-job-orchestrator/job-api/src/main/java/com/shreyas/jobapi/dto/JobDto.java
2026.01.24 18:23:04 INFO  no build target found for /Users/Lenovo/Desktop/event-driven-job-orchestrator/job-api/src/main/java/com/shreyas/jobapi/dto/JobDto.java. Using fallback presentation compiler.
2026.01.24 18:23:05 WARN  no build target for: /Users/Lenovo/Desktop/event-driven-job-orchestrator/job-api/src/main/java/com/shreyas/jobapi/controller/JobController.java
2026.01.24 18:23:05 INFO  no build target found for /Users/Lenovo/Desktop/event-driven-job-orchestrator/job-api/src/main/java/com/shreyas/jobapi/controller/JobController.java. Using fallback presentation compiler.
2026.01.24 18:23:16 WARN  no build target for: /Users/Lenovo/Desktop/event-driven-job-orchestrator/job-api/src/main/java/com/shreyas/jobapi/dto/CreateJobRequest.java
2026.01.24 18:23:16 INFO  no build target found for /Users/Lenovo/Desktop/event-driven-job-orchestrator/job-api/src/main/java/com/shreyas/jobapi/dto/CreateJobRequest.java. Using fallback presentation compiler.
2026.01.24 18:23:18 WARN  no build target for: /Users/Lenovo/Desktop/event-driven-job-orchestrator/job-api/src/main/java/com/shreyas/jobapi/controller/JobController.java
2026.01.24 18:23:18 INFO  no build target found for /Users/Lenovo/Desktop/event-driven-job-orchestrator/job-api/src/main/java/com/shreyas/jobapi/controller/JobController.java. Using fallback presentation compiler.
2026.01.24 18:23:19 WARN  no build target for: /Users/Lenovo/Desktop/event-driven-job-orchestrator/job-api/src/main/java/com/shreyas/jobapi/dto/JobDto.java
2026.01.24 18:23:19 INFO  no build target found for /Users/Lenovo/Desktop/event-driven-job-orchestrator/job-api/src/main/java/com/shreyas/jobapi/dto/JobDto.java. Using fallback presentation compiler.
2026.01.24 18:23:21 WARN  no build target for: /Users/Lenovo/Desktop/event-driven-job-orchestrator/job-api/src/main/java/com/shreyas/jobapi/controller/JobController.java
2026.01.24 18:23:21 INFO  no build target found for /Users/Lenovo/Desktop/event-driven-job-orchestrator/job-api/src/main/java/com/shreyas/jobapi/controller/JobController.java. Using fallback presentation compiler.
2026.01.24 19:00:19 WARN  no build target for: /Users/Lenovo/Desktop/event-driven-job-orchestrator/job-api/src/main/java/com/shreyas/jobapi/dto/JobCreatedEvent.java
2026.01.24 19:00:19 INFO  no build target found for /Users/Lenovo/Desktop/event-driven-job-orchestrator/job-api/src/main/java/com/shreyas/jobapi/dto/JobCreatedEvent.java. Using fallback presentation compiler.
2026.01.24 19:00:19 WARN  Running javac-semanticdb failed for file:///Users/Lenovo/Desktop/event-driven-job-orchestrator/job-api/src/main/java/com/shreyas/jobapi/dto/JobCreatedEvent.java. Output:

2026.01.24 19:00:20 INFO  no build target found for /Users/Lenovo/Desktop/event-driven-job-orchestrator/job-api/src/main/java/com/shreyas/jobapi/dto/JobCreatedEvent.java. Using fallback presentation compiler.
2026.01.24 19:00:25 INFO  no build target found for /Users/Lenovo/Desktop/event-driven-job-orchestrator/job-api/src/main/java/com/shreyas/jobapi/dto/JobCreatedEvent.java. Using fallback presentation compiler.
2026.01.24 19:00:25 INFO  no build target found for /Users/Lenovo/Desktop/event-driven-job-orchestrator/job-api/src/main/java/com/shreyas/jobapi/dto/JobCreatedEvent.java. Using fallback presentation compiler.
2026.01.24 19:00:25 INFO  no build target found for /Users/Lenovo/Desktop/event-driven-job-orchestrator/job-api/src/main/java/com/shreyas/jobapi/dto/JobCreatedEvent.java. Using fallback presentation compiler.
2026.01.24 19:00:26 INFO  no build target found for /Users/Lenovo/Desktop/event-driven-job-orchestrator/job-api/src/main/java/com/shreyas/jobapi/dto/JobCreatedEvent.java. Using fallback presentation compiler.
2026.01.24 19:00:27 WARN  Running javac-semanticdb failed for file:///Users/Lenovo/Desktop/event-driven-job-orchestrator/job-api/src/main/java/com/shreyas/jobapi/dto/JobCreatedEvent.java. Output:

2026.01.24 19:00:28 WARN  no build target for: /Users/Lenovo/Desktop/event-driven-job-orchestrator/job-api/src/main/java/com/shreyas/jobapi/dto/JobCreatedEvent.java
2026.01.24 19:00:28 INFO  no build target found for /Users/Lenovo/Desktop/event-driven-job-orchestrator/job-api/src/main/java/com/shreyas/jobapi/dto/JobCreatedEvent.java. Using fallback presentation compiler.
2026.01.24 19:00:49 WARN  no build target for: /Users/Lenovo/Desktop/event-driven-job-orchestrator/job-api/src/main/java/com/shreyas/jobapi/kafka/JobEventPublisher.java
2026.01.24 19:00:49 WARN  Running javac-semanticdb failed for file:///Users/Lenovo/Desktop/event-driven-job-orchestrator/job-api/src/main/java/com/shreyas/jobapi/kafka/JobEventPublisher.java. Output:

2026.01.24 19:00:49 INFO  no build target found for /Users/Lenovo/Desktop/event-driven-job-orchestrator/job-api/src/main/java/com/shreyas/jobapi/kafka/JobEventPublisher.java. Using fallback presentation compiler.
2026.01.24 19:00:49 INFO  no build target found for /Users/Lenovo/Desktop/event-driven-job-orchestrator/job-api/src/main/java/com/shreyas/jobapi/kafka/JobEventPublisher.java. Using fallback presentation compiler.
2026.01.24 19:00:55 INFO  no build target found for /Users/Lenovo/Desktop/event-driven-job-orchestrator/job-api/src/main/java/com/shreyas/jobapi/kafka/JobEventPublisher.java. Using fallback presentation compiler.
2026.01.24 19:00:55 WARN  Running javac-semanticdb failed for file:///Users/Lenovo/Desktop/event-driven-job-orchestrator/job-api/src/main/java/com/shreyas/jobapi/kafka/JobEventPublisher.java. Output:

2026.01.24 19:00:55 INFO  no build target found for /Users/Lenovo/Desktop/event-driven-job-orchestrator/job-api/src/main/java/com/shreyas/jobapi/kafka/JobEventPublisher.java. Using fallback presentation compiler.
2026.01.24 19:00:57 WARN  no build target for: /Users/Lenovo/Desktop/event-driven-job-orchestrator/job-api/src/main/java/com/shreyas/jobapi/kafka/JobEventPublisher.java
2026.01.24 19:00:57 INFO  no build target found for /Users/Lenovo/Desktop/event-driven-job-orchestrator/job-api/src/main/java/com/shreyas/jobapi/kafka/JobEventPublisher.java. Using fallback presentation compiler.
2026.01.24 19:02:29 WARN  no build target for: /Users/Lenovo/Desktop/event-driven-job-orchestrator/job-api/src/main/java/com/shreyas/jobapi/controller/JobController.java
2026.01.24 19:02:29 INFO  no build target found for /Users/Lenovo/Desktop/event-driven-job-orchestrator/job-api/src/main/java/com/shreyas/jobapi/controller/JobController.java. Using fallback presentation compiler.
2026.01.24 19:02:32 INFO  no build target found for /Users/Lenovo/Desktop/event-driven-job-orchestrator/job-api/src/main/java/com/shreyas/jobapi/controller/JobController.java. Using fallback presentation compiler.
2026.01.24 19:02:32 INFO  no build target found for /Users/Lenovo/Desktop/event-driven-job-orchestrator/job-api/src/main/java/com/shreyas/jobapi/controller/JobController.java. Using fallback presentation compiler.
2026.01.24 19:02:32 INFO  no build target found for /Users/Lenovo/Desktop/event-driven-job-orchestrator/job-api/src/main/java/com/shreyas/jobapi/controller/JobController.java. Using fallback presentation compiler.
2026.01.24 19:02:33 INFO  no build target found for /Users/Lenovo/Desktop/event-driven-job-orchestrator/job-api/src/main/java/com/shreyas/jobapi/controller/JobController.java. Using fallback presentation compiler.
2026.01.24 19:02:34 INFO  no build target found for /Users/Lenovo/Desktop/event-driven-job-orchestrator/job-api/src/main/java/com/shreyas/jobapi/controller/JobController.java. Using fallback presentation compiler.
2026.01.24 19:03:51 WARN  no build target for: /Users/Lenovo/Desktop/event-driven-job-orchestrator/job-api/src/main/java/com/shreyas/jobapi/kafka/JobEventPublisher.java
2026.01.24 19:03:51 INFO  no build target found for /Users/Lenovo/Desktop/event-driven-job-orchestrator/job-api/src/main/java/com/shreyas/jobapi/kafka/JobEventPublisher.java. Using fallback presentation compiler.
2026.01.24 19:03:52 INFO  no build target found for /Users/Lenovo/Desktop/event-driven-job-orchestrator/job-api/src/main/java/com/shreyas/jobapi/kafka/JobEventPublisher.java. Using fallback presentation compiler.
2026.01.24 19:03:58 INFO  no build target found for /Users/Lenovo/Desktop/event-driven-job-orchestrator/job-api/src/main/java/com/shreyas/jobapi/kafka/JobEventPublisher.java. Using fallback presentation compiler.
2026.01.24 19:04:17 WARN  no build target for: /Users/Lenovo/Desktop/event-driven-job-orchestrator/job-api/src/main/java/com/shreyas/jobapi/kafka/JobEventConsumer.java
2026.01.24 19:04:17 WARN  Running javac-semanticdb failed for file:///Users/Lenovo/Desktop/event-driven-job-orchestrator/job-api/src/main/java/com/shreyas/jobapi/kafka/JobEventConsumer.java. Output:

2026.01.24 19:04:17 INFO  no build target found for /Users/Lenovo/Desktop/event-driven-job-orchestrator/job-api/src/main/java/com/shreyas/jobapi/kafka/JobEventConsumer.java. Using fallback presentation compiler.
2026.01.24 19:04:17 INFO  no build target found for /Users/Lenovo/Desktop/event-driven-job-orchestrator/job-api/src/main/java/com/shreyas/jobapi/kafka/JobEventConsumer.java. Using fallback presentation compiler.
2026.01.24 19:04:32 INFO  no build target found for /Users/Lenovo/Desktop/event-driven-job-orchestrator/job-api/src/main/java/com/shreyas/jobapi/kafka/JobEventConsumer.java. Using fallback presentation compiler.
2026.01.24 19:04:32 INFO  no build target found for /Users/Lenovo/Desktop/event-driven-job-orchestrator/job-api/src/main/java/com/shreyas/jobapi/kafka/JobEventConsumer.java. Using fallback presentation compiler.
2026.01.24 19:04:33 WARN  Running javac-semanticdb failed for file:///Users/Lenovo/Desktop/event-driven-job-orchestrator/job-api/src/main/java/com/shreyas/jobapi/kafka/JobEventConsumer.java. Output:

2026.01.24 19:04:33 WARN  no build target for: /Users/Lenovo/Desktop/event-driven-job-orchestrator/job-api/src/main/java/com/shreyas/jobapi/kafka/JobEventConsumer.java
2026.01.24 19:04:33 INFO  no build target found for /Users/Lenovo/Desktop/event-driven-job-orchestrator/job-api/src/main/java/com/shreyas/jobapi/kafka/JobEventConsumer.java. Using fallback presentation compiler.
2026.01.24 19:04:45 WARN  no build target for: /Users/Lenovo/Desktop/event-driven-job-orchestrator/job-api/src/main/java/com/shreyas/jobapi/controller/JobController.java
2026.01.24 19:04:45 INFO  no build target found for /Users/Lenovo/Desktop/event-driven-job-orchestrator/job-api/src/main/java/com/shreyas/jobapi/controller/JobController.java. Using fallback presentation compiler.
2026.01.24 19:04:50 INFO  no build target found for /Users/Lenovo/Desktop/event-driven-job-orchestrator/job-api/src/main/java/com/shreyas/jobapi/controller/JobController.java. Using fallback presentation compiler.
2026.01.24 19:04:50 INFO  no build target found for /Users/Lenovo/Desktop/event-driven-job-orchestrator/job-api/src/main/java/com/shreyas/jobapi/controller/JobController.java. Using fallback presentation compiler.
2026.01.24 19:05:34 INFO  no build target found for /Users/Lenovo/Desktop/event-driven-job-orchestrator/job-api/src/main/java/com/shreyas/jobapi/controller/JobController.java. Using fallback presentation compiler.
2026.01.24 19:05:34 INFO  no build target found for /Users/Lenovo/Desktop/event-driven-job-orchestrator/job-api/src/main/java/com/shreyas/jobapi/controller/JobController.java. Using fallback presentation compiler.
2026.01.24 19:05:34 INFO  no build target found for /Users/Lenovo/Desktop/event-driven-job-orchestrator/job-api/src/main/java/com/shreyas/jobapi/controller/JobController.java. Using fallback presentation compiler.
2026.01.24 19:05:35 INFO  no build target found for /Users/Lenovo/Desktop/event-driven-job-orchestrator/job-api/src/main/java/com/shreyas/jobapi/controller/JobController.java. Using fallback presentation compiler.
2026.01.24 19:05:35 INFO  no build target found for /Users/Lenovo/Desktop/event-driven-job-orchestrator/job-api/src/main/java/com/shreyas/jobapi/controller/JobController.java. Using fallback presentation compiler.
2026.01.24 19:05:35 INFO  no build target found for /Users/Lenovo/Desktop/event-driven-job-orchestrator/job-api/src/main/java/com/shreyas/jobapi/controller/JobController.java. Using fallback presentation compiler.
2026.01.24 19:05:37 INFO  no build target found for /Users/Lenovo/Desktop/event-driven-job-orchestrator/job-api/src/main/java/com/shreyas/jobapi/controller/JobController.java. Using fallback presentation compiler.
2026.01.24 19:05:39 INFO  no build target found for /Users/Lenovo/Desktop/event-driven-job-orchestrator/job-api/src/main/java/com/shreyas/jobapi/controller/JobController.java. Using fallback presentation compiler.
2026.01.24 19:05:40 INFO  no build target found for /Users/Lenovo/Desktop/event-driven-job-orchestrator/job-api/src/main/java/com/shreyas/jobapi/controller/JobController.java. Using fallback presentation compiler.
2026.01.24 19:05:47 INFO  no build target found for /Users/Lenovo/Desktop/event-driven-job-orchestrator/job-api/src/main/java/com/shreyas/jobapi/controller/JobController.java. Using fallback presentation compiler.
2026.01.24 19:05:47 INFO  no build target found for /Users/Lenovo/Desktop/event-driven-job-orchestrator/job-api/src/main/java/com/shreyas/jobapi/controller/JobController.java. Using fallback presentation compiler.
2026.01.24 19:05:47 INFO  no build target found for /Users/Lenovo/Desktop/event-driven-job-orchestrator/job-api/src/main/java/com/shreyas/jobapi/controller/JobController.java. Using fallback presentation compiler.
2026.01.24 19:05:49 INFO  no build target found for /Users/Lenovo/Desktop/event-driven-job-orchestrator/job-api/src/main/java/com/shreyas/jobapi/controller/JobController.java. Using fallback presentation compiler.
2026.01.24 19:05:50 INFO  no build target found for /Users/Lenovo/Desktop/event-driven-job-orchestrator/job-api/src/main/java/com/shreyas/jobapi/controller/JobController.java. Using fallback presentation compiler.
2026.01.24 19:05:50 INFO  no build target found for /Users/Lenovo/Desktop/event-driven-job-orchestrator/job-api/src/main/java/com/shreyas/jobapi/controller/JobController.java. Using fallback presentation compiler.
2026.01.24 19:05:50 INFO  no build target found for /Users/Lenovo/Desktop/event-driven-job-orchestrator/job-api/src/main/java/com/shreyas/jobapi/controller/JobController.java. Using fallback presentation compiler.
2026.01.24 19:05:53 INFO  no build target found for /Users/Lenovo/Desktop/event-driven-job-orchestrator/job-api/src/main/java/com/shreyas/jobapi/controller/JobController.java. Using fallback presentation compiler.
2026.01.24 19:05:53 INFO  no build target found for /Users/Lenovo/Desktop/event-driven-job-orchestrator/job-api/src/main/java/com/shreyas/jobapi/controller/JobController.java. Using fallback presentation compiler.
2026.01.24 19:05:53 INFO  no build target found for /Users/Lenovo/Desktop/event-driven-job-orchestrator/job-api/src/main/java/com/shreyas/jobapi/controller/JobController.java. Using fallback presentation compiler.
2026.01.24 19:05:54 INFO  no build target found for /Users/Lenovo/Desktop/event-driven-job-orchestrator/job-api/src/main/java/com/shreyas/jobapi/controller/JobController.java. Using fallback presentation compiler.
2026.01.24 19:05:55 INFO  no build target found for /Users/Lenovo/Desktop/event-driven-job-orchestrator/job-api/src/main/java/com/shreyas/jobapi/controller/JobController.java. Using fallback presentation compiler.
2026.01.24 19:05:56 INFO  no build target found for /Users/Lenovo/Desktop/event-driven-job-orchestrator/job-api/src/main/java/com/shreyas/jobapi/controller/JobController.java. Using fallback presentation compiler.
2026.01.24 19:06:18 INFO  no build target found for /Users/Lenovo/Desktop/event-driven-job-orchestrator/job-api/src/main/java/com/shreyas/jobapi/controller/JobController.java. Using fallback presentation compiler.
2026.01.24 19:06:22 INFO  no build target found for /Users/Lenovo/Desktop/event-driven-job-orchestrator/job-api/src/main/java/com/shreyas/jobapi/controller/JobController.java. Using fallback presentation compiler.
2026.01.24 19:06:22 INFO  no build target found for /Users/Lenovo/Desktop/event-driven-job-orchestrator/job-api/src/main/java/com/shreyas/jobapi/controller/JobController.java. Using fallback presentation compiler.
2026.01.24 19:06:23 INFO  no build target found for /Users/Lenovo/Desktop/event-driven-job-orchestrator/job-api/src/main/java/com/shreyas/jobapi/controller/JobController.java. Using fallback presentation compiler.
2026.01.24 19:06:24 INFO  no build target found for /Users/Lenovo/Desktop/event-driven-job-orchestrator/job-api/src/main/java/com/shreyas/jobapi/controller/JobController.java. Using fallback presentation compiler.
2026.01.24 19:06:24 INFO  no build target found for /Users/Lenovo/Desktop/event-driven-job-orchestrator/job-api/src/main/java/com/shreyas/jobapi/controller/JobController.java. Using fallback presentation compiler.
2026.01.24 19:06:25 INFO  no build target found for /Users/Lenovo/Desktop/event-driven-job-orchestrator/job-api/src/main/java/com/shreyas/jobapi/controller/JobController.java. Using fallback presentation compiler.
2026.01.24 19:06:25 INFO  no build target found for /Users/Lenovo/Desktop/event-driven-job-orchestrator/job-api/src/main/java/com/shreyas/jobapi/controller/JobController.java. Using fallback presentation compiler.
2026.01.24 19:06:27 INFO  no build target found for /Users/Lenovo/Desktop/event-driven-job-orchestrator/job-api/src/main/java/com/shreyas/jobapi/controller/JobController.java. Using fallback presentation compiler.
2026.01.24 19:06:28 INFO  no build target found for /Users/Lenovo/Desktop/event-driven-job-orchestrator/job-api/src/main/java/com/shreyas/jobapi/controller/JobController.java. Using fallback presentation compiler.
2026.01.24 19:06:32 INFO  no build target found for /Users/Lenovo/Desktop/event-driven-job-orchestrator/job-api/src/main/java/com/shreyas/jobapi/controller/JobController.java. Using fallback presentation compiler.
2026.01.24 19:06:32 INFO  no build target found for /Users/Lenovo/Desktop/event-driven-job-orchestrator/job-api/src/main/java/com/shreyas/jobapi/controller/JobController.java. Using fallback presentation compiler.
2026.01.24 19:06:34 INFO  no build target found for /Users/Lenovo/Desktop/event-driven-job-orchestrator/job-api/src/main/java/com/shreyas/jobapi/controller/JobController.java. Using fallback presentation compiler.
2026.01.24 19:06:35 INFO  no build target found for /Users/Lenovo/Desktop/event-driven-job-orchestrator/job-api/src/main/java/com/shreyas/jobapi/controller/JobController.java. Using fallback presentation compiler.
2026.01.24 19:06:36 INFO  no build target found for /Users/Lenovo/Desktop/event-driven-job-orchestrator/job-api/src/main/java/com/shreyas/jobapi/controller/JobController.java. Using fallback presentation compiler.
2026.01.24 19:06:37 INFO  no build target found for /Users/Lenovo/Desktop/event-driven-job-orchestrator/job-api/src/main/java/com/shreyas/jobapi/controller/JobController.java. Using fallback presentation compiler.
2026.01.24 19:06:36 INFO  no build target found for /Users/Lenovo/Desktop/event-driven-job-orchestrator/job-api/src/main/java/com/shreyas/jobapi/controller/JobController.java. Using fallback presentation compiler.
2026.01.24 19:06:37 INFO  no build target found for /Users/Lenovo/Desktop/event-driven-job-orchestrator/job-api/src/main/java/com/shreyas/jobapi/controller/JobController.java. Using fallback presentation compiler.
2026.01.24 19:06:38 INFO  no build target found for /Users/Lenovo/Desktop/event-driven-job-orchestrator/job-api/src/main/java/com/shreyas/jobapi/controller/JobController.java. Using fallback presentation compiler.
2026.01.24 19:06:38 INFO  no build target found for /Users/Lenovo/Desktop/event-driven-job-orchestrator/job-api/src/main/java/com/shreyas/jobapi/controller/JobController.java. Using fallback presentation compiler.
2026.01.24 19:06:38 INFO  no build target found for /Users/Lenovo/Desktop/event-driven-job-orchestrator/job-api/src/main/java/com/shreyas/jobapi/controller/JobController.java. Using fallback presentation compiler.
2026.01.24 19:06:39 INFO  no build target found for /Users/Lenovo/Desktop/event-driven-job-orchestrator/job-api/src/main/java/com/shreyas/jobapi/controller/JobController.java. Using fallback presentation compiler.
2026.01.24 19:06:39 INFO  no build target found for /Users/Lenovo/Desktop/event-driven-job-orchestrator/job-api/src/main/java/com/shreyas/jobapi/controller/JobController.java. Using fallback presentation compiler.
2026.01.24 19:06:40 INFO  no build target found for /Users/Lenovo/Desktop/event-driven-job-orchestrator/job-api/src/main/java/com/shreyas/jobapi/controller/JobController.java. Using fallback presentation compiler.
2026.01.24 19:06:41 INFO  no build target found for /Users/Lenovo/Desktop/event-driven-job-orchestrator/job-api/src/main/java/com/shreyas/jobapi/controller/JobController.java. Using fallback presentation compiler.
2026.01.24 19:06:41 INFO  no build target found for /Users/Lenovo/Desktop/event-driven-job-orchestrator/job-api/src/main/java/com/shreyas/jobapi/controller/JobController.java. Using fallback presentation compiler.
2026.01.24 19:06:44 INFO  no build target found for /Users/Lenovo/Desktop/event-driven-job-orchestrator/job-api/src/main/java/com/shreyas/jobapi/controller/JobController.java. Using fallback presentation compiler.
2026.01.24 19:06:46 INFO  no build target found for /Users/Lenovo/Desktop/event-driven-job-orchestrator/job-api/src/main/java/com/shreyas/jobapi/controller/JobController.java. Using fallback presentation compiler.
2026.01.24 19:06:46 INFO  no build target found for /Users/Lenovo/Desktop/event-driven-job-orchestrator/job-api/src/main/java/com/shreyas/jobapi/controller/JobController.java. Using fallback presentation compiler.
2026.01.24 19:06:46 INFO  no build target found for /Users/Lenovo/Desktop/event-driven-job-orchestrator/job-api/src/main/java/com/shreyas/jobapi/controller/JobController.java. Using fallback presentation compiler.
2026.01.24 19:06:47 INFO  no build target found for /Users/Lenovo/Desktop/event-driven-job-orchestrator/job-api/src/main/java/com/shreyas/jobapi/controller/JobController.java. Using fallback presentation compiler.
2026.01.24 19:06:47 INFO  no build target found for /Users/Lenovo/Desktop/event-driven-job-orchestrator/job-api/src/main/java/com/shreyas/jobapi/controller/JobController.java. Using fallback presentation compiler.
2026.01.24 19:06:47 INFO  no build target found for /Users/Lenovo/Desktop/event-driven-job-orchestrator/job-api/src/main/java/com/shreyas/jobapi/controller/JobController.java. Using fallback presentation compiler.
2026.01.24 19:06:47 INFO  no build target found for /Users/Lenovo/Desktop/event-driven-job-orchestrator/job-api/src/main/java/com/shreyas/jobapi/controller/JobController.java. Using fallback presentation compiler.
2026.01.24 19:06:49 INFO  no build target found for /Users/Lenovo/Desktop/event-driven-job-orchestrator/job-api/src/main/java/com/shreyas/jobapi/controller/JobController.java. Using fallback presentation compiler.
2026.01.24 19:06:49 INFO  no build target found for /Users/Lenovo/Desktop/event-driven-job-orchestrator/job-api/src/main/java/com/shreyas/jobapi/controller/JobController.java. Using fallback presentation compiler.
2026.01.24 19:06:49 INFO  no build target found for /Users/Lenovo/Desktop/event-driven-job-orchestrator/job-api/src/main/java/com/shreyas/jobapi/controller/JobController.java. Using fallback presentation compiler.
2026.01.24 19:06:50 INFO  no build target found for /Users/Lenovo/Desktop/event-driven-job-orchestrator/job-api/src/main/java/com/shreyas/jobapi/controller/JobController.java. Using fallback presentation compiler.
2026.01.24 19:06:50 INFO  no build target found for /Users/Lenovo/Desktop/event-driven-job-orchestrator/job-api/src/main/java/com/shreyas/jobapi/controller/JobController.java. Using fallback presentation compiler.
2026.01.24 19:06:50 INFO  no build target found for /Users/Lenovo/Desktop/event-driven-job-orchestrator/job-api/src/main/java/com/shreyas/jobapi/controller/JobController.java. Using fallback presentation compiler.
2026.01.24 19:06:50 INFO  no build target found for /Users/Lenovo/Desktop/event-driven-job-orchestrator/job-api/src/main/java/com/shreyas/jobapi/controller/JobController.java. Using fallback presentation compiler.
2026.01.24 19:06:56 INFO  no build target found for /Users/Lenovo/Desktop/event-driven-job-orchestrator/job-api/src/main/java/com/shreyas/jobapi/controller/JobController.java. Using fallback presentation compiler.
2026.01.24 19:06:57 INFO  no build target found for /Users/Lenovo/Desktop/event-driven-job-orchestrator/job-api/src/main/java/com/shreyas/jobapi/controller/JobController.java. Using fallback presentation compiler.
2026.01.24 19:07:08 INFO  no build target found for /Users/Lenovo/Desktop/event-driven-job-orchestrator/job-api/src/main/java/com/shreyas/jobapi/controller/JobController.java. Using fallback presentation compiler.
2026.01.24 19:07:09 INFO  no build target found for /Users/Lenovo/Desktop/event-driven-job-orchestrator/job-api/src/main/java/com/shreyas/jobapi/controller/JobController.java. Using fallback presentation compiler.
2026.01.24 19:07:09 INFO  no build target found for /Users/Lenovo/Desktop/event-driven-job-orchestrator/job-api/src/main/java/com/shreyas/jobapi/controller/JobController.java. Using fallback presentation compiler.
2026.01.24 19:07:12 INFO  no build target found for /Users/Lenovo/Desktop/event-driven-job-orchestrator/job-api/src/main/java/com/shreyas/jobapi/controller/JobController.java. Using fallback presentation compiler.
2026.01.24 19:07:12 INFO  no build target found for /Users/Lenovo/Desktop/event-driven-job-orchestrator/job-api/src/main/java/com/shreyas/jobapi/controller/JobController.java. Using fallback presentation compiler.
2026.01.24 19:07:14 INFO  no build target found for /Users/Lenovo/Desktop/event-driven-job-orchestrator/job-api/src/main/java/com/shreyas/jobapi/controller/JobController.java. Using fallback presentation compiler.
2026.01.24 19:07:14 INFO  no build target found for /Users/Lenovo/Desktop/event-driven-job-orchestrator/job-api/src/main/java/com/shreyas/jobapi/controller/JobController.java. Using fallback presentation compiler.
2026.01.24 19:07:14 INFO  no build target found for /Users/Lenovo/Desktop/event-driven-job-orchestrator/job-api/src/main/java/com/shreyas/jobapi/controller/JobController.java. Using fallback presentation compiler.
2026.01.24 19:07:15 INFO  no build target found for /Users/Lenovo/Desktop/event-driven-job-orchestrator/job-api/src/main/java/com/shreyas/jobapi/controller/JobController.java. Using fallback presentation compiler.
2026.01.24 19:07:15 INFO  no build target found for /Users/Lenovo/Desktop/event-driven-job-orchestrator/job-api/src/main/java/com/shreyas/jobapi/controller/JobController.java. Using fallback presentation compiler.
2026.01.24 19:07:17 INFO  no build target found for /Users/Lenovo/Desktop/event-driven-job-orchestrator/job-api/src/main/java/com/shreyas/jobapi/controller/JobController.java. Using fallback presentation compiler.
2026.01.24 19:07:17 INFO  no build target found for /Users/Lenovo/Desktop/event-driven-job-orchestrator/job-api/src/main/java/com/shreyas/jobapi/controller/JobController.java. Using fallback presentation compiler.
2026.01.24 19:07:35 INFO  no build target found for /Users/Lenovo/Desktop/event-driven-job-orchestrator/job-api/src/main/java/com/shreyas/jobapi/controller/JobController.java. Using fallback presentation compiler.
2026.01.24 19:07:35 INFO  no build target found for /Users/Lenovo/Desktop/event-driven-job-orchestrator/job-api/src/main/java/com/shreyas/jobapi/controller/JobController.java. Using fallback presentation compiler.
2026.01.24 19:07:35 INFO  no build target found for /Users/Lenovo/Desktop/event-driven-job-orchestrator/job-api/src/main/java/com/shreyas/jobapi/controller/JobController.java. Using fallback presentation compiler.
2026.01.24 19:07:44 INFO  no build target found for /Users/Lenovo/Desktop/event-driven-job-orchestrator/job-api/src/main/java/com/shreyas/jobapi/controller/JobController.java. Using fallback presentation compiler.
2026.01.24 19:07:44 INFO  no build target found for /Users/Lenovo/Desktop/event-driven-job-orchestrator/job-api/src/main/java/com/shreyas/jobapi/controller/JobController.java. Using fallback presentation compiler.
2026.01.24 19:07:44 INFO  no build target found for /Users/Lenovo/Desktop/event-driven-job-orchestrator/job-api/src/main/java/com/shreyas/jobapi/controller/JobController.java. Using fallback presentation compiler.
2026.01.24 19:07:58 WARN  no build target for: /Users/Lenovo/Desktop/event-driven-job-orchestrator/job-api/src/main/java/com/shreyas/jobapi/kafka/JobEventPublisher.java
2026.01.24 19:07:58 INFO  no build target found for /Users/Lenovo/Desktop/event-driven-job-orchestrator/job-api/src/main/java/com/shreyas/jobapi/kafka/JobEventPublisher.java. Using fallback presentation compiler.
2026.01.24 19:08:04 WARN  no build target for: /Users/Lenovo/Desktop/event-driven-job-orchestrator/job-api/src/main/java/com/shreyas/jobapi/kafka/JobEventConsumer.java
2026.01.24 19:08:04 INFO  no build target found for /Users/Lenovo/Desktop/event-driven-job-orchestrator/job-api/src/main/java/com/shreyas/jobapi/kafka/JobEventConsumer.java. Using fallback presentation compiler.
2026.01.24 19:08:06 WARN  no build target for: /Users/Lenovo/Desktop/event-driven-job-orchestrator/job-api/src/main/java/com/shreyas/jobapi/kafka/JobEventPublisher.java
2026.01.24 19:08:06 INFO  no build target found for /Users/Lenovo/Desktop/event-driven-job-orchestrator/job-api/src/main/java/com/shreyas/jobapi/kafka/JobEventPublisher.java. Using fallback presentation compiler.
2026.01.24 19:08:22 WARN  no build target for: /Users/Lenovo/Desktop/event-driven-job-orchestrator/job-api/src/main/java/com/shreyas/jobapi/controller/JobController.java
2026.01.24 19:08:22 INFO  no build target found for /Users/Lenovo/Desktop/event-driven-job-orchestrator/job-api/src/main/java/com/shreyas/jobapi/controller/JobController.java. Using fallback presentation compiler.
2026.01.24 19:08:22 INFO  no build target found for /Users/Lenovo/Desktop/event-driven-job-orchestrator/job-api/src/main/java/com/shreyas/jobapi/controller/JobController.java. Using fallback presentation compiler.
2026.01.24 19:08:25 WARN  no build target for: /Users/Lenovo/Desktop/event-driven-job-orchestrator/job-api/src/main/java/com/shreyas/jobapi/controller/JobController.java
2026.01.24 19:08:25 INFO  no build target found for /Users/Lenovo/Desktop/event-driven-job-orchestrator/job-api/src/main/java/com/shreyas/jobapi/controller/JobController.java. Using fallback presentation compiler.
2026.01.24 19:08:30 WARN  no build target for: /Users/Lenovo/Desktop/event-driven-job-orchestrator/job-api/src/main/java/com/shreyas/jobapi/controller/HealthController.java
2026.01.24 19:08:30 INFO  no build target found for /Users/Lenovo/Desktop/event-driven-job-orchestrator/job-api/src/main/java/com/shreyas/jobapi/controller/HealthController.java. Using fallback presentation compiler.
2026.01.24 19:08:32 WARN  no build target for: /Users/Lenovo/Desktop/event-driven-job-orchestrator/job-api/src/main/java/com/shreyas/jobapi/controller/HealthController.java
2026.01.24 19:08:32 INFO  no build target found for /Users/Lenovo/Desktop/event-driven-job-orchestrator/job-api/src/main/java/com/shreyas/jobapi/controller/HealthController.java. Using fallback presentation compiler.
2026.01.24 19:08:34 WARN  no build target for: /Users/Lenovo/Desktop/event-driven-job-orchestrator/job-api/src/main/java/com/shreyas/jobapi/controller/JobController.java
2026.01.24 19:08:34 INFO  no build target found for /Users/Lenovo/Desktop/event-driven-job-orchestrator/job-api/src/main/java/com/shreyas/jobapi/controller/JobController.java. Using fallback presentation compiler.
2026.01.24 19:11:56 INFO  no build target found for /Users/Lenovo/Desktop/event-driven-job-orchestrator/job-api/src/main/java/com/shreyas/jobapi/controller/JobController.java. Using fallback presentation compiler.
2026.01.24 19:11:56 INFO  no build target found for /Users/Lenovo/Desktop/event-driven-job-orchestrator/job-api/src/main/java/com/shreyas/jobapi/controller/JobController.java. Using fallback presentation compiler.
2026.01.24 19:11:56 INFO  no build target found for /Users/Lenovo/Desktop/event-driven-job-orchestrator/job-api/src/main/java/com/shreyas/jobapi/controller/JobController.java. Using fallback presentation compiler.
2026.01.24 19:11:57 INFO  no build target found for /Users/Lenovo/Desktop/event-driven-job-orchestrator/job-api/src/main/java/com/shreyas/jobapi/controller/JobController.java. Using fallback presentation compiler.
2026.01.24 19:12:02 INFO  no build target found for /Users/Lenovo/Desktop/event-driven-job-orchestrator/job-api/src/main/java/com/shreyas/jobapi/controller/JobController.java. Using fallback presentation compiler.
2026.01.24 19:12:02 INFO  no build target found for /Users/Lenovo/Desktop/event-driven-job-orchestrator/job-api/src/main/java/com/shreyas/jobapi/controller/JobController.java. Using fallback presentation compiler.
2026.01.24 19:12:02 INFO  no build target found for /Users/Lenovo/Desktop/event-driven-job-orchestrator/job-api/src/main/java/com/shreyas/jobapi/controller/JobController.java. Using fallback presentation compiler.
2026.01.24 19:12:02 INFO  no build target found for /Users/Lenovo/Desktop/event-driven-job-orchestrator/job-api/src/main/java/com/shreyas/jobapi/controller/JobController.java. Using fallback presentation compiler.
2026.01.24 19:12:09 WARN  no build target for: /Users/Lenovo/Desktop/event-driven-job-orchestrator/job-api/src/main/java/com/shreyas/jobapi/kafka/JobEventPublisher.java
2026.01.24 19:12:09 INFO  no build target found for /Users/Lenovo/Desktop/event-driven-job-orchestrator/job-api/src/main/java/com/shreyas/jobapi/kafka/JobEventPublisher.java. Using fallback presentation compiler.
2026.01.24 19:12:12 INFO  no build target found for /Users/Lenovo/Desktop/event-driven-job-orchestrator/job-api/src/main/java/com/shreyas/jobapi/kafka/JobEventPublisher.java. Using fallback presentation compiler.
2026.01.24 19:12:12 INFO  no build target found for /Users/Lenovo/Desktop/event-driven-job-orchestrator/job-api/src/main/java/com/shreyas/jobapi/kafka/JobEventPublisher.java. Using fallback presentation compiler.
2026.01.24 19:12:12 INFO  no build target found for /Users/Lenovo/Desktop/event-driven-job-orchestrator/job-api/src/main/java/com/shreyas/jobapi/kafka/JobEventPublisher.java. Using fallback presentation compiler.
2026.01.24 19:12:13 INFO  no build target found for /Users/Lenovo/Desktop/event-driven-job-orchestrator/job-api/src/main/java/com/shreyas/jobapi/kafka/JobEventPublisher.java. Using fallback presentation compiler.
2026.01.24 19:12:15 WARN  no build target for: /Users/Lenovo/Desktop/event-driven-job-orchestrator/job-api/src/main/java/com/shreyas/jobapi/kafka/JobEventPublisher.java
2026.01.24 19:12:15 INFO  no build target found for /Users/Lenovo/Desktop/event-driven-job-orchestrator/job-api/src/main/java/com/shreyas/jobapi/kafka/JobEventPublisher.java. Using fallback presentation compiler.
